2026-05-26 21:08:19 [SERVER] [INFO] Starting integrated minecraft server version 1.5.2
2026-05-26 21:08:19 [SERVER] [INFO] Generating keypair
2026-05-26 21:08:20 [SERVER] [INFO] Preparing start region for level 0
2026-05-26 21:08:20 [SERVER] [WARNING] Skipping Entity with id PrimitiveMobs.Travelling Merchant
2026-05-26 21:08:20 [SERVER] [WARNING] Skipping Entity with id PrimitiveMobs.Travelling Merchant
2026-05-26 21:08:20 [SERVER] [WARNING] Skipping Entity with id PrimitiveMobs.Travelling Merchant
2026-05-26 21:08:20 [SERVER] [WARNING] Skipping Entity with id PrimitiveMobs.Travelling Merchant
2026-05-26 21:08:20 [SERVER] [WARNING] Skipping Entity with id PrimitiveMobs.Travelling Merchant
2026-05-26 21:08:20 [SERVER] [WARNING] Skipping Entity with id PrimitiveMobs.Travelling Merchant
2026-05-26 21:08:20 [SERVER] [WARNING] Skipping Entity with id PrimitiveMobs.Travelling Merchant
2026-05-26 21:08:20 [SERVER] [WARNING] Skipping Entity with id PrimitiveMobs.Travelling Merchant
2026-05-26 21:08:20 [SERVER] [WARNING] Skipping Entity with id PrimitiveMobs.Travelling Merchant
2026-05-26 21:08:20 [SERVER] [WARNING] Skipping Entity with id PrimitiveMobs.Travelling Merchant
2026-05-26 21:08:20 [SERVER] [WARNING] Skipping Entity with id PrimitiveMobs.Travelling Merchant
2026-05-26 21:08:20 [SERVER] [WARNING] Skipping Entity with id PrimitiveMobs.Travelling Merchant
2026-05-26 21:08:20 [SERVER] [WARNING] Skipping Entity with id PrimitiveMobs.Travelling Merchant
2026-05-26 21:08:20 [SERVER] [WARNING] Skipping TileEntity with id TileEntityDimDoor
2026-05-26 21:08:20 [SERVER] [WARNING] Skipping TileEntity with id TileEntityDimDoor
2026-05-26 21:08:20 [SERVER] [WARNING] Skipping TileEntity with id TileEntityDimDoor
2026-05-26 21:08:20 [SERVER] [WARNING] Skipping TileEntity with id TileEntityDimDoor
2026-05-26 21:08:20 [SERVER] [WARNING] Skipping Entity with id PrimitiveMobs.Travelling Merchant
2026-05-26 21:08:20 [SERVER] [INFO] Damage Indicators was unable to check for updates!
2026-05-26 21:08:20 [SERVER] [WARNING] Skipping TileEntity with id tileEntityPedestal
2026-05-26 21:08:20 [SERVER] [WARNING] Skipping TileEntity with id tileEntityPedestal
2026-05-26 21:08:20 [SERVER] [WARNING] Skipping TileEntity with id tileEntityPedestal
2026-05-26 21:08:20 [SERVER] [WARNING] Skipping TileEntity with id tileEntityPedestal
2026-05-26 21:08:20 [SERVER] [WARNING] Skipping TileEntity with id tileEntityPedestal
2026-05-26 21:08:20 [SERVER] [WARNING] Skipping TileEntity with id tileEntityPedestal
2026-05-26 21:08:20 [SERVER] [WARNING] Skipping TileEntity with id tileEntityPedestal
2026-05-26 21:08:20 [SERVER] [WARNING] Skipping TileEntity with id tileEntityPedestal
2026-05-26 21:08:20 [SERVER] [WARNING] Skipping TileEntity with id tileEntityPedestal
2026-05-26 21:08:20 [SERVER] [WARNING] Skipping TileEntity with id tileEntityPedestal
2026-05-26 21:08:20 [SERVER] [WARNING] Skipping TileEntity with id tileEntityPedestal
2026-05-26 21:08:20 [SERVER] [WARNING] Skipping TileEntity with id tileEntityPedestal
2026-05-26 21:08:20 [SERVER] [WARNING] Skipping TileEntity with id tileEntityPedestal
2026-05-26 21:08:20 [SERVER] [WARNING] Skipping TileEntity with id tileEntityPedestal
2026-05-26 21:08:20 [SERVER] [WARNING] Skipping TileEntity with id tileEntityPedestal
2026-05-26 21:08:20 [SERVER] [WARNING] Skipping TileEntity with id tileEntityPedestal
2026-05-26 21:08:20 [SERVER] [WARNING] Skipping TileEntity with id tileEntityPedestal
2026-05-26 21:08:20 [SERVER] [WARNING] Skipping TileEntity with id tileEntityPedestal
2026-05-26 21:08:20 [SERVER] [WARNING] Skipping TileEntity with id tileEntityPedestal
2026-05-26 21:08:20 [SERVER] [WARNING] Skipping TileEntity with id tileEntityPedestal
2026-05-26 21:08:20 [SERVER] [WARNING] Skipping TileEntity with id tileEntityPedestal
2026-05-26 21:08:20 [SERVER] [WARNING] Skipping TileEntity with id tileEntityPedestal
2026-05-26 21:08:20 [SERVER] [WARNING] Skipping TileEntity with id tileEntityPedestal
2026-05-26 21:08:20 [SERVER] [WARNING] Skipping TileEntity with id tileEntityPedestal
2026-05-26 21:08:20 [SERVER] [WARNING] Skipping TileEntity with id tileEntityPedestal
2026-05-26 21:08:20 [SERVER] [WARNING] Skipping TileEntity with id tileEntityPedestal
2026-05-26 21:08:20 [SERVER] [WARNING] Skipping TileEntity with id tileEntityPedestal
2026-05-26 21:08:20 [SERVER] [WARNING] Skipping TileEntity with id tileEntityPedestal
2026-05-26 21:08:20 [SERVER] [WARNING] Skipping TileEntity with id tileEntityPedestal
2026-05-26 21:08:20 [SERVER] [WARNING] Skipping TileEntity with id tileEntityPedestal
2026-05-26 21:08:20 [SERVER] [WARNING] Skipping TileEntity with id tileEntityPedestal
2026-05-26 21:08:20 [SERVER] [WARNING] Skipping TileEntity with id tileEntityPedestal
2026-05-26 21:08:20 [SERVER] [WARNING] Skipping TileEntity with id tileEntityPedestal
2026-05-26 21:08:20 [SERVER] [WARNING] Skipping TileEntity with id tileEntityPedestal
2026-05-26 21:08:20 [SERVER] [WARNING] Skipping TileEntity with id tileEntityPedestal
2026-05-26 21:08:21 [SERVER] [WARNING] Skipping TileEntity with id tileEntityPedestal
2026-05-26 21:08:21 [SERVER] [WARNING] Skipping TileEntity with id tileEntityPedestal
2026-05-26 21:08:21 [SERVER] [WARNING] Skipping TileEntity with id tileEntityPedestal
2026-05-26 21:08:21 [SERVER] [WARNING] Skipping TileEntity with id tileEntityPedestal
2026-05-26 21:08:21 [SERVER] [WARNING] Skipping TileEntity with id tileEntityPedestal
2026-05-26 21:08:21 [SERVER] [WARNING] Skipping TileEntity with id tileEntityPedestal
2026-05-26 21:08:21 [SERVER] [WARNING] Skipping TileEntity with id tileEntityPedestal
2026-05-26 21:08:21 [SERVER] [WARNING] Skipping TileEntity with id tileEntityPedestal
2026-05-26 21:08:21 [SERVER] [WARNING] Skipping TileEntity with id tileEntityPedestal
2026-05-26 21:08:21 [SERVER] [WARNING] Skipping TileEntity with id tileEntityPedestal
2026-05-26 21:08:21 [SERVER] [WARNING] Skipping TileEntity with id tileEntityPedestal
2026-05-26 21:08:21 [SERVER] [WARNING] Skipping TileEntity with id tileEntityPedestal
2026-05-26 21:08:21 [SERVER] [WARNING] Skipping TileEntity with id tileEntityPedestal
2026-05-26 21:08:21 [SERVER] [WARNING] Skipping TileEntity with id tileEntityPedestal
2026-05-26 21:08:21 [SERVER] [WARNING] Skipping TileEntity with id tileEntityPedestal
2026-05-26 21:08:21 [SERVER] [WARNING] Skipping TileEntity with id tileEntityPedestal
2026-05-26 21:08:21 [SERVER] [WARNING] Skipping TileEntity with id tileEntityPedestal
2026-05-26 21:08:21 [SERVER] [WARNING] Skipping TileEntity with id tileEntityPedestal
2026-05-26 21:08:21 [SERVER] [WARNING] Skipping TileEntity with id tileEntityPedestal
2026-05-26 21:08:21 [SERVER] [WARNING] Skipping TileEntity with id tileEntityPedestal
2026-05-26 21:08:21 [SERVER] [WARNING] Skipping TileEntity with id tileEntityPedestal
2026-05-26 21:08:21 [SERVER] [WARNING] Skipping TileEntity with id tileEntityPedestal
2026-05-26 21:08:21 [SERVER] [WARNING] Skipping TileEntity with id tileEntityPedestal
2026-05-26 21:08:21 [SERVER] [WARNING] Skipping TileEntity with id tileEntityPedestal
2026-05-26 21:08:21 [SERVER] [WARNING] Skipping TileEntity with id tileEntityPedestal
2026-05-26 21:08:21 [SERVER] [WARNING] Skipping TileEntity with id tileEntityPedestal
2026-05-26 21:08:21 [SERVER] [WARNING] Skipping TileEntity with id tileEntityPedestal
2026-05-26 21:08:21 [SERVER] [WARNING] Skipping TileEntity with id tileEntityPedestal
2026-05-26 21:08:21 [SERVER] [WARNING] Skipping TileEntity with id tileEntityPedestal
2026-05-26 21:08:21 [SERVER] [WARNING] Skipping TileEntity with id tileEntityPedestal
2026-05-26 21:08:21 [SERVER] [WARNING] Skipping TileEntity with id tileEntityPedestal
2026-05-26 21:08:21 [SERVER] [WARNING] Skipping TileEntity with id tileEntityPedestal
2026-05-26 21:08:21 [SERVER] [WARNING] Skipping TileEntity with id tileEntityPedestal
2026-05-26 21:08:21 [SERVER] [WARNING] Skipping TileEntity with id tileEntityPedestal
2026-05-26 21:08:21 [SERVER] [WARNING] Skipping TileEntity with id tileEntityPedestal
2026-05-26 21:08:21 [SERVER] [WARNING] Skipping TileEntity with id tileEntityPedestal
2026-05-26 21:08:21 [SERVER] [WARNING] Skipping TileEntity with id tileEntityPedestal
2026-05-26 21:08:21 [SERVER] [WARNING] Skipping TileEntity with id tileEntityPedestal
2026-05-26 21:08:21 [SERVER] [WARNING] Skipping TileEntity with id tileEntityPedestal
2026-05-26 21:08:21 [SERVER] [WARNING] Skipping TileEntity with id tileEntityPedestal
2026-05-26 21:08:21 [SERVER] [WARNING] Skipping TileEntity with id tileEntityPedestal
2026-05-26 21:08:21 [SERVER] [WARNING] Skipping TileEntity with id tileEntityPedestal
2026-05-26 21:08:21 [SERVER] [WARNING] Skipping TileEntity with id tileEntityPedestal
2026-05-26 21:08:21 [SERVER] [WARNING] Skipping TileEntity with id tileEntityPedestal
2026-05-26 21:08:21 [SERVER] [WARNING] Skipping TileEntity with id tileEntityPedestal
2026-05-26 21:08:21 [SERVER] [WARNING] Skipping TileEntity with id tileEntityPedestal
2026-05-26 21:08:21 [SERVER] [WARNING] Skipping TileEntity with id tileEntityPedestal
2026-05-26 21:08:21 [SERVER] [WARNING] Skipping TileEntity with id tileEntityPedestal
2026-05-26 21:08:21 [SERVER] [WARNING] Skipping TileEntity with id tileEntityPedestal
2026-05-26 21:08:21 [SERVER] [WARNING] Skipping TileEntity with id tileEntityPedestal
2026-05-26 21:08:21 [SERVER] [WARNING] Skipping TileEntity with id tileEntityPedestal
2026-05-26 21:08:21 [SERVER] [WARNING] Skipping TileEntity with id tileEntityPedestal
2026-05-26 21:08:21 [SERVER] [WARNING] Skipping TileEntity with id tileEntityPedestal
2026-05-26 21:08:21 [SERVER] [WARNING] Skipping TileEntity with id tileEntityPedestal
2026-05-26 21:08:21 [SERVER] [WARNING] Skipping TileEntity with id tileEntityPedestal
2026-05-26 21:08:21 [SERVER] [WARNING] Skipping TileEntity with id tileEntityPedestal
2026-05-26 21:08:21 [SERVER] [WARNING] Skipping TileEntity with id tileEntityPedestal
2026-05-26 21:08:21 [SERVER] [WARNING] Skipping TileEntity with id tileEntityPedestal
2026-05-26 21:08:21 [SERVER] [WARNING] Skipping TileEntity with id tileEntityPedestal
2026-05-26 21:08:21 [SERVER] [WARNING] Skipping TileEntity with id tileEntityPedestal
2026-05-26 21:08:21 [SERVER] [WARNING] Skipping TileEntity with id tileEntityPedestal
2026-05-26 21:08:21 [SERVER] [WARNING] Skipping TileEntity with id tileEntityPedestal
2026-05-26 21:08:21 [SERVER] [WARNING] Skipping TileEntity with id tileEntityPedestal
2026-05-26 21:08:21 [SERVER] [WARNING] Skipping TileEntity with id tileEntityPedestal
2026-05-26 21:08:21 [SERVER] [WARNING] Skipping TileEntity with id tileEntityPedestal
2026-05-26 21:08:21 [SERVER] [WARNING] Skipping TileEntity with id tileEntityPedestal
2026-05-26 21:08:21 [SERVER] [WARNING] Skipping TileEntity with id tileEntityPedestal
2026-05-26 21:08:21 [SERVER] [WARNING] Skipping TileEntity with id tileEntityPedestal
2026-05-26 21:08:21 [SERVER] [WARNING] Skipping TileEntity with id tileEntityPedestal
2026-05-26 21:08:21 [SERVER] [WARNING] Skipping TileEntity with id tileEntityPedestal
2026-05-26 21:08:21 [SERVER] [WARNING] Skipping TileEntity with id tileEntityPedestal
2026-05-26 21:08:21 [SERVER] [WARNING] Skipping TileEntity with id tileEntityPedestal
2026-05-26 21:08:21 [SERVER] [WARNING] Skipping TileEntity with id tileEntityPedestal
2026-05-26 21:08:21 [SERVER] [WARNING] Skipping TileEntity with id tileEntityPedestal
2026-05-26 21:08:21 [SERVER] [WARNING] Skipping TileEntity with id tileEntityPedestal
2026-05-26 21:08:21 [SERVER] [WARNING] Skipping TileEntity with id tileEntityPedestal
2026-05-26 21:08:21 [SERVER] [WARNING] Skipping TileEntity with id tileEntityPedestal
2026-05-26 21:08:21 [SERVER] [WARNING] Skipping TileEntity with id tileEntityPedestal
2026-05-26 21:08:21 [SERVER] [WARNING] Skipping TileEntity with id tileEntityPedestal
2026-05-26 21:08:21 [SERVER] [WARNING] Skipping TileEntity with id tileEntityPedestal
2026-05-26 21:08:21 [SERVER] [WARNING] Skipping TileEntity with id tileEntityPedestal
2026-05-26 21:08:21 [SERVER] [WARNING] Skipping TileEntity with id tileEntityPedestal
2026-05-26 21:08:21 [SERVER] [WARNING] Skipping TileEntity with id tileEntityPedestal
2026-05-26 21:08:21 [SERVER] [WARNING] Skipping TileEntity with id tileEntityPedestal
2026-05-26 21:08:21 [SERVER] [WARNING] Skipping TileEntity with id tileEntityPedestal
2026-05-26 21:08:21 [SERVER] [WARNING] Skipping TileEntity with id tileEntityPedestal
2026-05-26 21:08:21 [SERVER] [WARNING] Skipping TileEntity with id tileEntityPedestal
2026-05-26 21:08:21 [SERVER] [WARNING] Skipping TileEntity with id tileEntityPedestal
2026-05-26 21:08:21 [SERVER] [WARNING] Skipping TileEntity with id tileEntityPedestal
2026-05-26 21:08:21 [SERVER] [WARNING] Skipping TileEntity with id tileEntityPedestal
2026-05-26 21:08:21 [SERVER] [WARNING] Skipping TileEntity with id tileEntityPedestal
2026-05-26 21:08:21 [SERVER] [WARNING] Skipping TileEntity with id tileEntityPedestal
2026-05-26 21:08:21 [SERVER] [WARNING] Skipping TileEntity with id tileEntityPedestal
2026-05-26 21:08:21 [SERVER] [WARNING] Skipping TileEntity with id tileEntityPedestal
2026-05-26 21:08:21 [SERVER] [WARNING] Skipping TileEntity with id tileEntityPedestal
2026-05-26 21:08:21 [SERVER] [WARNING] Skipping TileEntity with id tileEntityPedestal
2026-05-26 21:08:21 [SERVER] [WARNING] Skipping TileEntity with id tileEntityPedestal
2026-05-26 21:08:21 [SERVER] [WARNING] Skipping TileEntity with id tileEntityPedestal
2026-05-26 21:08:21 [SERVER] [WARNING] Skipping TileEntity with id tileEntityPedestal
2026-05-26 21:08:21 [SERVER] [WARNING] Skipping TileEntity with id tileEntityPedestal
2026-05-26 21:08:21 [SERVER] [WARNING] Skipping TileEntity with id tileEntityPedestal
2026-05-26 21:08:21 [SERVER] [WARNING] Skipping TileEntity with id tileEntityPedestal
2026-05-26 21:08:21 [SERVER] [WARNING] Skipping TileEntity with id tileEntityPedestal
2026-05-26 21:08:21 [SERVER] [WARNING] Skipping TileEntity with id tileEntityPedestal
2026-05-26 21:08:21 [SERVER] [WARNING] Skipping TileEntity with id tileEntityPedestal
2026-05-26 21:08:21 [SERVER] [WARNING] Skipping TileEntity with id tileEntityPedestal
2026-05-26 21:08:21 [SERVER] [WARNING] Skipping TileEntity with id tileEntityPedestal
2026-05-26 21:08:21 [SERVER] [WARNING] Skipping TileEntity with id tileEntityPedestal
2026-05-26 21:08:21 [SERVER] [WARNING] Skipping TileEntity with id tileEntityPedestal
2026-05-26 21:08:21 [SERVER] [WARNING] Skipping TileEntity with id tileEntityPedestal
2026-05-26 21:08:21 [SERVER] [WARNING] Skipping TileEntity with id tileEntityPedestal
2026-05-26 21:08:21 [SERVER] [WARNING] Skipping TileEntity with id tileEntityPedestal
2026-05-26 21:08:21 [SERVER] [WARNING] Skipping TileEntity with id tileEntityPedestal
2026-05-26 21:08:21 [SERVER] [WARNING] Skipping TileEntity with id tileEntityPedestal
2026-05-26 21:08:21 [SERVER] [WARNING] Skipping TileEntity with id tileEntityPedestal
2026-05-26 21:08:21 [SERVER] [WARNING] Skipping TileEntity with id tileEntityPedestal
2026-05-26 21:08:21 [SERVER] [WARNING] Skipping TileEntity with id tileEntityPedestal
2026-05-26 21:08:21 [SERVER] [WARNING] Skipping TileEntity with id tileEntityPedestal
2026-05-26 21:08:21 [SERVER] [WARNING] Skipping TileEntity with id tileEntityPedestal
2026-05-26 21:08:21 [SERVER] [WARNING] Skipping TileEntity with id tileEntityPedestal
2026-05-26 21:08:21 [SERVER] [WARNING] Skipping TileEntity with id tileEntityPedestal
2026-05-26 21:08:21 [SERVER] [WARNING] Skipping TileEntity with id tileEntityPedestal
2026-05-26 21:08:21 [SERVER] [WARNING] Skipping TileEntity with id tileEntityPedestal
2026-05-26 21:08:21 [SERVER] [WARNING] Skipping TileEntity with id tileEntityPedestal
2026-05-26 21:08:21 [SERVER] [WARNING] Skipping TileEntity with id tileEntityPedestal
2026-05-26 21:08:21 [SERVER] [WARNING] Skipping TileEntity with id tileEntityPedestal
2026-05-26 21:08:21 [SERVER] [WARNING] Skipping TileEntity with id tileEntityPedestal
2026-05-26 21:08:21 [SERVER] [WARNING] Skipping TileEntity with id tileEntityPedestal
2026-05-26 21:08:21 [SERVER] [WARNING] Skipping TileEntity with id tileEntityPedestal
2026-05-26 21:08:21 [SERVER] [WARNING] Skipping TileEntity with id tileEntityPedestal
2026-05-26 21:08:21 [SERVER] [WARNING] Skipping TileEntity with id tileEntityPedestal
2026-05-26 21:08:21 [SERVER] [WARNING] Skipping TileEntity with id tileEntityPedestal
2026-05-26 21:08:21 [SERVER] [WARNING] Skipping TileEntity with id tileEntityPedestal
2026-05-26 21:08:21 [SERVER] [WARNING] Skipping TileEntity with id tileEntityPedestal
2026-05-26 21:08:21 [SERVER] [WARNING] Skipping TileEntity with id tileEntityPedestal
2026-05-26 21:08:21 [SERVER] [WARNING] Skipping TileEntity with id tileEntityPedestal
2026-05-26 21:08:21 [SERVER] [WARNING] Skipping TileEntity with id tileEntityPedestal
2026-05-26 21:08:21 [SERVER] [WARNING] Skipping TileEntity with id tileEntityPedestal
2026-05-26 21:08:21 [SERVER] [WARNING] Skipping TileEntity with id tileEntityPedestal
2026-05-26 21:08:21 [SERVER] [WARNING] Skipping TileEntity with id tileEntityPedestal
2026-05-26 21:08:21 [SERVER] [WARNING] Skipping TileEntity with id tileEntityPedestal
2026-05-26 21:08:21 [SERVER] [WARNING] Skipping TileEntity with id tileEntityPedestal
2026-05-26 21:08:21 [SERVER] [WARNING] Skipping TileEntity with id tileEntityPedestal
2026-05-26 21:08:21 [SERVER] [WARNING] Skipping TileEntity with id tileEntityPedestal
2026-05-26 21:08:21 [SERVER] [WARNING] Skipping TileEntity with id tileEntityPedestal
2026-05-26 21:08:21 [SERVER] [WARNING] Skipping TileEntity with id tileEntityPedestal
2026-05-26 21:08:21 [SERVER] [WARNING] Skipping TileEntity with id tileEntityPedestal
2026-05-26 21:08:21 [SERVER] [WARNING] Skipping TileEntity with id tileEntityPedestal
2026-05-26 21:08:21 [SERVER] [WARNING] Skipping TileEntity with id tileEntityPedestal
2026-05-26 21:08:21 [SERVER] [WARNING] Skipping TileEntity with id tileEntityPedestal
2026-05-26 21:08:21 [SERVER] [WARNING] Skipping TileEntity with id tileEntityPedestal
2026-05-26 21:08:21 [SERVER] [WARNING] Skipping TileEntity with id tileEntityPedestal
2026-05-26 21:08:21 [SERVER] [WARNING] Skipping TileEntity with id tileEntityPedestal
2026-05-26 21:08:21 [SERVER] [WARNING] Skipping TileEntity with id tileEntityPedestal
2026-05-26 21:08:21 [SERVER] [WARNING] Skipping TileEntity with id tileEntityPedestal
2026-05-26 21:08:21 [SERVER] [WARNING] Skipping TileEntity with id tileEntityPedestal
2026-05-26 21:08:21 [SERVER] [WARNING] Skipping TileEntity with id tileEntityPedestal
2026-05-26 21:08:21 [SERVER] [WARNING] Skipping TileEntity with id tileEntityPedestal
2026-05-26 21:08:21 [SERVER] [WARNING] Skipping TileEntity with id tileEntityPedestal
2026-05-26 21:08:21 [SERVER] [WARNING] Skipping TileEntity with id tileEntityPedestal
2026-05-26 21:08:21 [SERVER] [WARNING] Skipping TileEntity with id tileEntityPedestal
2026-05-26 21:08:21 [SERVER] [WARNING] Skipping TileEntity with id tileEntityPedestal
2026-05-26 21:08:21 [SERVER] [WARNING] Skipping TileEntity with id tileEntityPedestal
2026-05-26 21:08:21 [SERVER] [WARNING] Skipping TileEntity with id tileEntityPedestal
2026-05-26 21:08:21 [SERVER] [WARNING] Skipping TileEntity with id tileEntityPedestal
2026-05-26 21:08:21 [SERVER] [WARNING] Skipping TileEntity with id tileEntityPedestal
2026-05-26 21:08:21 [SERVER] [WARNING] Skipping TileEntity with id tileEntityPedestal
2026-05-26 21:08:21 [SERVER] [WARNING] Skipping TileEntity with id tileEntityPedestal
2026-05-26 21:08:21 [SERVER] [WARNING] Skipping TileEntity with id tileEntityPedestal
2026-05-26 21:08:21 [SERVER] [WARNING] Skipping TileEntity with id tileEntityPedestal
2026-05-26 21:08:21 [SERVER] [WARNING] Skipping TileEntity with id tileEntityPedestal
2026-05-26 21:08:21 [SERVER] [WARNING] Skipping TileEntity with id tileEntityPedestal
2026-05-26 21:08:21 [SERVER] [WARNING] Skipping TileEntity with id tileEntityPedestal
2026-05-26 21:08:21 [SERVER] [WARNING] Skipping TileEntity with id tileEntityPedestal
2026-05-26 21:08:21 [SERVER] [WARNING] Skipping TileEntity with id tileEntityPedestal
2026-05-26 21:08:21 [SERVER] [WARNING] Skipping TileEntity with id tileEntityPedestal
2026-05-26 21:08:21 [SERVER] [WARNING] Skipping TileEntity with id tileEntityPedestal
2026-05-26 21:08:21 [SERVER] [WARNING] Skipping TileEntity with id tileEntityPedestal
2026-05-26 21:08:21 [SERVER] [WARNING] Skipping TileEntity with id tileEntityPedestal
2026-05-26 21:08:21 [SERVER] [WARNING] Skipping TileEntity with id tileEntityPedestal
2026-05-26 21:08:21 [SERVER] [WARNING] Skipping TileEntity with id tileEntityPedestal
2026-05-26 21:08:21 [SERVER] [WARNING] Skipping TileEntity with id tileEntityPedestal
2026-05-26 21:08:21 [SERVER] [WARNING] Skipping TileEntity with id tileEntityPedestal
2026-05-26 21:08:21 [SERVER] [WARNING] Skipping TileEntity with id tileEntityPedestal
2026-05-26 21:08:21 [SERVER] [WARNING] Skipping TileEntity with id tileEntityPedestal
2026-05-26 21:08:21 [SERVER] [WARNING] Skipping TileEntity with id tileEntityPedestal
2026-05-26 21:08:21 [SERVER] [WARNING] Skipping TileEntity with id tileEntityPedestal
2026-05-26 21:08:21 [SERVER] [WARNING] Skipping TileEntity with id tileEntityPedestal
2026-05-26 21:08:21 [SERVER] [WARNING] Skipping TileEntity with id tileEntityPedestal
2026-05-26 21:08:21 [SERVER] [WARNING] Skipping TileEntity with id tileEntityPedestal
2026-05-26 21:08:21 [SERVER] [WARNING] Skipping TileEntity with id tileEntityPedestal
2026-05-26 21:08:21 [SERVER] [WARNING] Skipping TileEntity with id tileEntityPedestal
2026-05-26 21:08:21 [SERVER] [WARNING] Skipping TileEntity with id tileEntityPedestal
2026-05-26 21:08:21 [SERVER] [WARNING] Skipping TileEntity with id tileEntityPedestal
2026-05-26 21:08:21 [SERVER] [WARNING] Skipping TileEntity with id tileEntityPedestal
2026-05-26 21:08:21 [SERVER] [WARNING] Skipping TileEntity with id tileEntityPedestal
2026-05-26 21:08:21 [SERVER] [WARNING] Skipping TileEntity with id tileEntityPedestal
2026-05-26 21:08:21 [SERVER] [WARNING] Skipping TileEntity with id tileEntityPedestal
2026-05-26 21:08:21 [SERVER] [WARNING] Skipping TileEntity with id tileEntityPedestal
2026-05-26 21:08:21 [SERVER] [WARNING] Skipping TileEntity with id tileEntityPedestal
2026-05-26 21:08:21 [SERVER] [WARNING] Skipping TileEntity with id tileEntityPedestal
2026-05-26 21:08:21 [SERVER] [WARNING] Skipping TileEntity with id tileEntityPedestal
2026-05-26 21:08:21 [SERVER] [WARNING] Skipping TileEntity with id tileEntityPedestal
2026-05-26 21:08:21 [SERVER] [WARNING] Skipping TileEntity with id tileEntityPedestal
2026-05-26 21:08:21 [SERVER] [WARNING] Skipping TileEntity with id tileEntityPedestal
2026-05-26 21:08:21 [SERVER] [WARNING] Skipping TileEntity with id tileEntityPedestal
2026-05-26 21:08:21 [SERVER] [WARNING] Skipping TileEntity with id tileEntityPedestal
2026-05-26 21:08:21 [SERVER] [WARNING] Skipping TileEntity with id tileEntityPedestal
2026-05-26 21:08:21 [SERVER] [WARNING] Skipping TileEntity with id tileEntityPedestal
2026-05-26 21:08:21 [SERVER] [WARNING] Skipping TileEntity with id tileEntityPedestal
2026-05-26 21:08:21 [SERVER] [WARNING] Skipping TileEntity with id tileEntityPedestal
2026-05-26 21:08:21 [SERVER] [WARNING] Skipping TileEntity with id tileEntityPedestal
2026-05-26 21:08:21 [SERVER] [WARNING] Skipping TileEntity with id tileEntityPedestal
2026-05-26 21:08:21 [SERVER] [WARNING] Skipping TileEntity with id tileEntityPedestal
2026-05-26 21:08:21 [SERVER] [WARNING] Skipping TileEntity with id tileEntityPedestal
2026-05-26 21:08:21 [SERVER] [WARNING] Skipping TileEntity with id tileEntityPedestal
2026-05-26 21:08:21 [SERVER] [WARNING] Skipping TileEntity with id tileEntityPedestal
2026-05-26 21:08:21 [SERVER] [WARNING] Skipping TileEntity with id tileEntityPedestal
2026-05-26 21:08:21 [SERVER] [WARNING] Skipping TileEntity with id tileEntityPedestal
2026-05-26 21:08:21 [SERVER] [WARNING] Skipping TileEntity with id tileEntityPedestal
2026-05-26 21:08:21 [SERVER] [WARNING] Skipping TileEntity with id tileEntityPedestal
2026-05-26 21:08:21 [SERVER] [WARNING] Skipping TileEntity with id tileEntityPedestal
2026-05-26 21:08:21 [SERVER] [WARNING] Skipping TileEntity with id tileEntityPedestal
2026-05-26 21:08:21 [SERVER] [WARNING] Skipping TileEntity with id tileEntityPedestal
2026-05-26 21:08:21 [SERVER] [WARNING] Skipping TileEntity with id tileEntityPedestal
2026-05-26 21:08:21 [SERVER] [WARNING] Skipping TileEntity with id tileEntityPedestal
2026-05-26 21:08:21 [SERVER] [WARNING] Skipping TileEntity with id tileEntityPedestal
2026-05-26 21:08:21 [SERVER] [WARNING] Skipping TileEntity with id tileEntityPedestal
2026-05-26 21:08:21 [SERVER] [WARNING] Skipping TileEntity with id tileEntityPedestal
2026-05-26 21:08:21 [SERVER] [WARNING] Skipping TileEntity with id tileEntityPedestal
2026-05-26 21:08:21 [SERVER] [WARNING] Skipping TileEntity with id tileEntityPedestal
2026-05-26 21:08:21 [SERVER] [WARNING] Skipping TileEntity with id tileEntityPedestal
2026-05-26 21:08:21 [SERVER] [WARNING] Skipping TileEntity with id tileEntityPedestal
2026-05-26 21:08:21 [SERVER] [WARNING] Skipping TileEntity with id tileEntityPedestal
2026-05-26 21:08:21 [SERVER] [WARNING] Skipping TileEntity with id tileEntityPedestal
2026-05-26 21:08:21 [SERVER] [WARNING] Skipping TileEntity with id tileEntityPedestal
2026-05-26 21:08:21 [SERVER] [WARNING] Skipping TileEntity with id tileEntityPedestal
2026-05-26 21:08:21 [SERVER] [WARNING] Skipping TileEntity with id tileEntityPedestal
2026-05-26 21:08:21 [SERVER] [WARNING] Skipping TileEntity with id tileEntityPedestal
2026-05-26 21:08:21 [SERVER] [WARNING] Skipping TileEntity with id tileEntityPedestal
2026-05-26 21:08:21 [SERVER] [WARNING] Skipping TileEntity with id tileEntityPedestal
2026-05-26 21:08:21 [SERVER] [WARNING] Skipping TileEntity with id tileEntityPedestal
2026-05-26 21:08:21 [SERVER] [WARNING] Skipping TileEntity with id tileEntityPedestal
2026-05-26 21:08:21 [SERVER] [WARNING] Skipping TileEntity with id tileEntityPedestal
2026-05-26 21:08:21 [SERVER] [WARNING] Skipping TileEntity with id tileEntityPedestal
2026-05-26 21:08:21 [SERVER] [WARNING] Skipping TileEntity with id tileEntityPedestal
2026-05-26 21:08:21 [SERVER] [WARNING] Skipping TileEntity with id tileEntityPedestal
2026-05-26 21:08:21 [SERVER] [WARNING] Skipping TileEntity with id tileEntityPedestal
2026-05-26 21:08:21 [SERVER] [WARNING] Skipping TileEntity with id tileEntityPedestal
2026-05-26 21:08:21 [SERVER] [WARNING] Skipping TileEntity with id tileEntityPedestal
2026-05-26 21:08:21 [SERVER] [WARNING] Skipping TileEntity with id tileEntityPedestal
2026-05-26 21:08:21 [SERVER] [WARNING] Skipping TileEntity with id tileEntityPedestal
2026-05-26 21:08:21 [SERVER] [WARNING] Skipping TileEntity with id tileEntityPedestal
2026-05-26 21:08:21 [SERVER] [WARNING] Skipping TileEntity with id tileEntityPedestal
2026-05-26 21:08:21 [SERVER] [WARNING] Skipping TileEntity with id tileEntityPedestal
2026-05-26 21:08:21 [SERVER] [WARNING] Skipping TileEntity with id tileEntityPedestal
2026-05-26 21:08:21 [SERVER] [WARNING] Skipping TileEntity with id tileEntityPedestal
2026-05-26 21:08:21 [SERVER] [WARNING] Skipping TileEntity with id tileEntityPedestal
2026-05-26 21:08:21 [SERVER] [WARNING] Skipping TileEntity with id tileEntityPedestal
2026-05-26 21:08:21 [SERVER] [WARNING] Skipping TileEntity with id tileEntityPedestal
2026-05-26 21:08:21 [SERVER] [WARNING] Skipping TileEntity with id tileEntityPedestal
2026-05-26 21:08:21 [SERVER] [WARNING] Skipping TileEntity with id tileEntityPedestal
2026-05-26 21:08:21 [SERVER] [WARNING] Skipping TileEntity with id tileEntityPedestal
2026-05-26 21:08:21 [SERVER] [WARNING] Skipping TileEntity with id tileEntityPedestal
2026-05-26 21:08:21 [SERVER] [WARNING] Skipping TileEntity with id tileEntityPedestal
2026-05-26 21:08:21 [SERVER] [WARNING] Skipping TileEntity with id tileEntityPedestal
2026-05-26 21:08:21 [SERVER] [WARNING] Skipping TileEntity with id tileEntityPedestal
2026-05-26 21:08:21 [SERVER] [WARNING] Skipping TileEntity with id tileEntityPedestal
2026-05-26 21:08:21 [SERVER] [WARNING] Skipping TileEntity with id tileEntityPedestal
2026-05-26 21:08:21 [SERVER] [WARNING] Skipping TileEntity with id tileEntityPedestal
2026-05-26 21:08:21 [SERVER] [WARNING] Skipping TileEntity with id tileEntityPedestal
2026-05-26 21:08:21 [SERVER] [WARNING] Skipping TileEntity with id tileEntityPedestal
2026-05-26 21:08:21 [SERVER] [WARNING] Skipping TileEntity with id tileEntityPedestal
2026-05-26 21:08:21 [SERVER] [WARNING] Skipping TileEntity with id tileEntityPedestal
2026-05-26 21:08:21 [SERVER] [WARNING] Skipping TileEntity with id tileEntityPedestal
2026-05-26 21:08:21 [SERVER] [WARNING] Skipping TileEntity with id tileEntityPedestal
2026-05-26 21:08:21 [SERVER] [WARNING] Skipping TileEntity with id tileEntityPedestal
2026-05-26 21:08:21 [SERVER] [WARNING] Skipping TileEntity with id tileEntityPedestal
2026-05-26 21:08:21 [SERVER] [WARNING] Skipping TileEntity with id tileEntityPedestal
2026-05-26 21:08:21 [SERVER] [WARNING] Skipping TileEntity with id tileEntityPedestal
2026-05-26 21:08:21 [SERVER] [WARNING] Skipping TileEntity with id tileEntityPedestal
2026-05-26 21:08:21 [SERVER] [WARNING] Skipping TileEntity with id tileEntityPedestal
2026-05-26 21:08:21 [SERVER] [WARNING] Skipping TileEntity with id tileEntityPedestal
2026-05-26 21:08:21 [SERVER] [WARNING] Skipping TileEntity with id tileEntityPedestal
2026-05-26 21:08:21 [SERVER] [WARNING] Skipping TileEntity with id tileEntityPedestal
2026-05-26 21:08:21 [SERVER] [WARNING] Skipping TileEntity with id tileEntityPedestal
2026-05-26 21:08:21 [SERVER] [WARNING] Skipping TileEntity with id tileEntityPedestal
2026-05-26 21:08:21 [SERVER] [WARNING] Skipping TileEntity with id tileEntityPedestal
2026-05-26 21:08:21 [SERVER] [WARNING] Skipping TileEntity with id tileEntityPedestal
2026-05-26 21:08:21 [SERVER] [WARNING] Skipping TileEntity with id tileEntityPedestal
2026-05-26 21:08:21 [SERVER] [WARNING] Skipping TileEntity with id tileEntityPedestal
2026-05-26 21:08:21 [SERVER] [WARNING] Skipping TileEntity with id tileEntityPedestal
2026-05-26 21:08:21 [SERVER] [WARNING] Skipping TileEntity with id tileEntityPedestal
2026-05-26 21:08:21 [SERVER] [WARNING] Skipping TileEntity with id tileEntityPedestal
2026-05-26 21:08:21 [SERVER] [WARNING] Skipping TileEntity with id tileEntityPedestal
2026-05-26 21:08:21 [SERVER] [WARNING] Skipping TileEntity with id tileEntityPedestal
2026-05-26 21:08:21 [SERVER] [WARNING] Skipping TileEntity with id tileEntityPedestal
2026-05-26 21:08:21 [SERVER] [WARNING] Skipping TileEntity with id tileEntityPedestal
2026-05-26 21:08:21 [SERVER] [WARNING] Skipping TileEntity with id tileEntityPedestal
2026-05-26 21:08:21 [SERVER] [WARNING] Skipping TileEntity with id tileEntityPedestal
2026-05-26 21:08:21 [SERVER] [WARNING] Skipping TileEntity with id tileEntityPedestal
2026-05-26 21:08:21 [SERVER] [WARNING] Skipping TileEntity with id tileEntityPedestal
2026-05-26 21:08:21 [SERVER] [WARNING] Skipping TileEntity with id tileEntityPedestal
2026-05-26 21:08:21 [SERVER] [WARNING] Skipping TileEntity with id tileEntityPedestal
2026-05-26 21:08:21 [SERVER] [WARNING] Skipping TileEntity with id tileEntityPedestal
2026-05-26 21:08:21 [SERVER] [WARNING] Skipping TileEntity with id tileEntityPedestal
2026-05-26 21:08:21 [SERVER] [WARNING] Skipping TileEntity with id tileEntityPedestal
2026-05-26 21:08:21 [SERVER] [WARNING] Skipping TileEntity with id tileEntityPedestal
2026-05-26 21:08:21 [SERVER] [WARNING] Skipping TileEntity with id tileEntityPedestal
2026-05-26 21:08:21 [SERVER] [WARNING] Skipping TileEntity with id tileEntityPedestal
2026-05-26 21:08:21 [SERVER] [WARNING] Skipping TileEntity with id tileEntityPedestal
2026-05-26 21:08:21 [SERVER] [WARNING] Skipping TileEntity with id tileEntityPedestal
2026-05-26 21:08:21 [SERVER] [WARNING] Skipping TileEntity with id tileEntityPedestal
2026-05-26 21:08:21 [SERVER] [WARNING] Skipping TileEntity with id tileEntityPedestal
2026-05-26 21:08:21 [SERVER] [WARNING] Skipping TileEntity with id tileEntityPedestal
2026-05-26 21:08:21 [SERVER] [WARNING] Skipping TileEntity with id tileEntityPedestal
2026-05-26 21:08:21 [SERVER] [WARNING] Skipping TileEntity with id tileEntityPedestal
2026-05-26 21:08:21 [SERVER] [WARNING] Skipping TileEntity with id tileEntityPedestal
2026-05-26 21:08:21 [SERVER] [WARNING] Skipping TileEntity with id tileEntityPedestal
2026-05-26 21:08:21 [SERVER] [WARNING] Skipping TileEntity with id tileEntityPedestal
2026-05-26 21:08:21 [SERVER] [WARNING] Skipping TileEntity with id tileEntityPedestal
2026-05-26 21:08:21 [SERVER] [WARNING] Skipping TileEntity with id tileEntityPedestal
2026-05-26 21:08:21 [SERVER] [WARNING] Skipping TileEntity with id tileEntityPedestal
2026-05-26 21:08:21 [SERVER] [WARNING] Skipping TileEntity with id tileEntityPedestal
2026-05-26 21:08:21 [SERVER] [WARNING] Skipping TileEntity with id tileEntityPedestal
2026-05-26 21:08:21 [SERVER] [WARNING] Skipping TileEntity with id tileEntityPedestal
2026-05-26 21:08:21 [SERVER] [WARNING] Skipping TileEntity with id tileEntityPedestal
2026-05-26 21:08:21 [SERVER] [WARNING] Skipping TileEntity with id tileEntityPedestal
2026-05-26 21:08:21 [SERVER] [WARNING] Skipping TileEntity with id tileEntityPedestal
2026-05-26 21:08:21 [SERVER] [WARNING] Skipping TileEntity with id tileEntityPedestal
2026-05-26 21:08:21 [SERVER] [WARNING] Skipping TileEntity with id tileEntityPedestal
2026-05-26 21:08:21 [SERVER] [WARNING] Skipping TileEntity with id tileEntityPedestal
2026-05-26 21:08:21 [SERVER] [WARNING] Skipping TileEntity with id tileEntityPedestal
2026-05-26 21:08:21 [SERVER] [WARNING] Skipping TileEntity with id tileEntityPedestal
2026-05-26 21:08:21 [SERVER] [WARNING] Skipping TileEntity with id tileEntityPedestal
2026-05-26 21:08:21 [SERVER] [WARNING] Skipping TileEntity with id tileEntityPedestal
2026-05-26 21:08:21 [SERVER] [WARNING] Skipping TileEntity with id tileEntityPedestal
2026-05-26 21:08:21 [SERVER] [WARNING] Skipping TileEntity with id tileEntityPedestal
2026-05-26 21:08:21 [SERVER] [WARNING] Skipping TileEntity with id tileEntityPedestal
2026-05-26 21:08:21 [SERVER] [WARNING] Skipping TileEntity with id tileEntityPedestal
2026-05-26 21:08:21 [SERVER] [WARNING] Skipping TileEntity with id tileEntityPedestal
2026-05-26 21:08:21 [SERVER] [WARNING] Skipping TileEntity with id tileEntityPedestal
2026-05-26 21:08:21 [SERVER] [WARNING] Skipping TileEntity with id tileEntityPedestal
2026-05-26 21:08:21 [SERVER] [WARNING] Skipping TileEntity with id tileEntityPedestal
2026-05-26 21:08:21 [SERVER] [WARNING] Skipping TileEntity with id tileEntityPedestal
2026-05-26 21:08:21 [SERVER] [WARNING] Skipping TileEntity with id tileEntityPedestal
2026-05-26 21:08:21 [SERVER] [WARNING] Skipping TileEntity with id tileEntityPedestal
2026-05-26 21:08:21 [SERVER] [WARNING] Skipping TileEntity with id tileEntityPedestal
2026-05-26 21:08:21 [SERVER] [WARNING] Skipping TileEntity with id tileEntityPedestal
2026-05-26 21:08:21 [SERVER] [WARNING] Skipping TileEntity with id tileEntityPedestal
2026-05-26 21:08:21 [SERVER] [WARNING] Skipping TileEntity with id tileEntityPedestal
2026-05-26 21:08:21 [SERVER] [WARNING] Skipping TileEntity with id tileEntityPedestal
2026-05-26 21:08:21 [SERVER] [WARNING] Skipping TileEntity with id tileEntityPedestal
2026-05-26 21:08:21 [SERVER] [WARNING] Skipping TileEntity with id tileEntityPedestal
2026-05-26 21:08:21 [SERVER] [WARNING] Skipping TileEntity with id tileEntityPedestal
2026-05-26 21:08:21 [SERVER] [WARNING] Skipping TileEntity with id tileEntityPedestal
2026-05-26 21:08:21 [SERVER] [WARNING] Skipping TileEntity with id tileEntityPedestal
2026-05-26 21:08:21 [SERVER] [WARNING] Skipping TileEntity with id tileEntityPedestal
2026-05-26 21:08:21 [SERVER] [WARNING] Skipping TileEntity with id tileEntityPedestal
2026-05-26 21:08:21 [SERVER] [WARNING] Skipping TileEntity with id tileEntityPedestal
2026-05-26 21:08:21 [SERVER] [WARNING] Skipping TileEntity with id tileEntityPedestal
2026-05-26 21:08:21 [SERVER] [WARNING] Skipping TileEntity with id tileEntityPedestal
2026-05-26 21:08:21 [SERVER] [WARNING] Skipping TileEntity with id tileEntityPedestal
2026-05-26 21:08:21 [SERVER] [WARNING] Skipping TileEntity with id tileEntityPedestal
2026-05-26 21:08:21 [SERVER] [WARNING] Skipping TileEntity with id tileEntityPedestal
2026-05-26 21:08:21 [SERVER] [WARNING] Skipping TileEntity with id tileEntityPedestal
2026-05-26 21:08:21 [SERVER] [WARNING] Skipping TileEntity with id tileEntityPedestal
2026-05-26 21:08:21 [SERVER] [WARNING] Skipping TileEntity with id tileEntityPedestal
2026-05-26 21:08:21 [SERVER] [WARNING] Skipping TileEntity with id tileEntityPedestal
2026-05-26 21:08:21 [SERVER] [WARNING] Skipping TileEntity with id tileEntityPedestal
2026-05-26 21:08:21 [SERVER] [WARNING] Skipping TileEntity with id tileEntityPedestal
2026-05-26 21:08:21 [SERVER] [WARNING] Skipping TileEntity with id tileEntityPedestal
2026-05-26 21:08:21 [SERVER] [WARNING] Skipping TileEntity with id tileEntityPedestal
2026-05-26 21:08:21 [SERVER] [WARNING] Skipping TileEntity with id tileEntityPedestal
2026-05-26 21:08:21 [SERVER] [WARNING] Skipping TileEntity with id tileEntityPedestal
2026-05-26 21:08:21 [SERVER] [WARNING] Skipping TileEntity with id tileEntityPedestal
2026-05-26 21:08:21 [SERVER] [WARNING] Skipping TileEntity with id tileEntityPedestal
2026-05-26 21:08:21 [SERVER] [WARNING] Skipping TileEntity with id tileEntityPedestal
2026-05-26 21:08:21 [SERVER] [WARNING] Skipping TileEntity with id tileEntityPedestal
2026-05-26 21:08:21 [SERVER] [WARNING] Skipping TileEntity with id tileEntityPedestal
2026-05-26 21:08:21 [SERVER] [WARNING] Skipping TileEntity with id tileEntityPedestal
2026-05-26 21:08:21 [SERVER] [WARNING] Skipping TileEntity with id tileEntityPedestal
2026-05-26 21:08:21 [SERVER] [WARNING] Skipping TileEntity with id tileEntityPedestal
2026-05-26 21:08:21 [SERVER] [WARNING] Skipping TileEntity with id tileEntityPedestal
2026-05-26 21:08:21 [SERVER] [WARNING] Skipping TileEntity with id tileEntityPedestal
2026-05-26 21:08:21 [SERVER] [WARNING] Skipping TileEntity with id tileEntityPedestal
2026-05-26 21:08:21 [SERVER] [WARNING] Skipping TileEntity with id tileEntityPedestal
2026-05-26 21:08:21 [SERVER] [WARNING] Skipping TileEntity with id tileEntityPedestal
2026-05-26 21:08:21 [SERVER] [WARNING] Skipping TileEntity with id tileEntityPedestal
2026-05-26 21:08:21 [SERVER] [WARNING] Skipping TileEntity with id tileEntityPedestal
2026-05-26 21:08:21 [SERVER] [WARNING] Skipping TileEntity with id tileEntityPedestal
2026-05-26 21:08:21 [SERVER] [WARNING] Skipping TileEntity with id tileEntityPedestal
2026-05-26 21:08:21 [SERVER] [WARNING] Skipping TileEntity with id tileEntityPedestal
2026-05-26 21:08:21 [SERVER] [WARNING] Skipping TileEntity with id tileEntityPedestal
2026-05-26 21:08:21 [SERVER] [WARNING] Skipping TileEntity with id tileEntityPedestal
2026-05-26 21:08:21 [SERVER] [WARNING] Skipping TileEntity with id tileEntityPedestal
2026-05-26 21:08:21 [SERVER] [WARNING] Skipping TileEntity with id tileEntityPedestal
2026-05-26 21:08:21 [SERVER] [WARNING] Skipping TileEntity with id tileEntityPedestal
2026-05-26 21:08:21 [SERVER] [WARNING] Skipping TileEntity with id tileEntityPedestal
2026-05-26 21:08:21 [SERVER] [WARNING] Skipping TileEntity with id tileEntityPedestal
2026-05-26 21:08:21 [SERVER] [WARNING] Skipping TileEntity with id tileEntityPedestal
2026-05-26 21:08:21 [SERVER] [WARNING] Skipping TileEntity with id tileEntityPedestal
2026-05-26 21:08:21 [SERVER] [WARNING] Skipping TileEntity with id tileEntityPedestal
2026-05-26 21:08:21 [SERVER] [WARNING] Skipping TileEntity with id tileEntityPedestal
2026-05-26 21:08:21 [SERVER] [WARNING] Skipping TileEntity with id tileEntityPedestal
2026-05-26 21:08:21 [SERVER] [WARNING] Skipping TileEntity with id tileEntityPedestal
2026-05-26 21:08:21 [SERVER] [WARNING] Skipping TileEntity with id tileEntityPedestal
2026-05-26 21:08:21 [SERVER] [WARNING] Skipping TileEntity with id tileEntityPedestal
2026-05-26 21:08:21 [SERVER] [WARNING] Skipping TileEntity with id tileEntityPedestal
2026-05-26 21:08:21 [SERVER] [WARNING] Skipping TileEntity with id tileEntityPedestal
2026-05-26 21:08:21 [SERVER] [WARNING] Skipping TileEntity with id tileEntityPedestal
2026-05-26 21:08:21 [SERVER] [WARNING] Skipping TileEntity with id tileEntityPedestal
2026-05-26 21:08:21 [SERVER] [WARNING] Skipping TileEntity with id tileEntityPedestal
2026-05-26 21:08:21 [SERVER] [WARNING] Skipping TileEntity with id tileEntityPedestal
2026-05-26 21:08:21 [SERVER] [WARNING] Skipping TileEntity with id tileEntityPedestal
2026-05-26 21:08:21 [SERVER] [WARNING] Skipping TileEntity with id tileEntityPedestal
2026-05-26 21:08:21 [SERVER] [WARNING] Skipping TileEntity with id tileEntityPedestal
2026-05-26 21:08:21 [SERVER] [WARNING] Skipping TileEntity with id tileEntityPedestal
2026-05-26 21:08:21 [SERVER] [WARNING] Skipping TileEntity with id tileEntityPedestal
2026-05-26 21:08:21 [SERVER] [WARNING] Skipping TileEntity with id tileEntityPedestal
2026-05-26 21:08:21 [SERVER] [WARNING] Skipping TileEntity with id tileEntityPedestal
2026-05-26 21:08:21 [SERVER] [WARNING] Skipping TileEntity with id tileEntityPedestal
2026-05-26 21:08:21 [SERVER] [WARNING] Skipping TileEntity with id tileEntityPedestal
2026-05-26 21:08:21 [SERVER] [WARNING] Skipping TileEntity with id tileEntityPedestal
2026-05-26 21:08:21 [SERVER] [WARNING] Skipping TileEntity with id tileEntityPedestal
2026-05-26 21:08:21 [SERVER] [WARNING] Skipping TileEntity with id tileEntityPedestal
2026-05-26 21:08:21 [SERVER] [WARNING] Skipping TileEntity with id tileEntityPedestal
2026-05-26 21:08:21 [SERVER] [WARNING] Skipping TileEntity with id tileEntityPedestal
2026-05-26 21:08:21 [SERVER] [WARNING] Skipping TileEntity with id tileEntityPedestal
2026-05-26 21:08:21 [SERVER] [WARNING] Skipping TileEntity with id tileEntityPedestal
2026-05-26 21:08:21 [SERVER] [WARNING] Skipping TileEntity with id tileEntityPedestal
2026-05-26 21:08:21 [SERVER] [WARNING] Skipping TileEntity with id tileEntityPedestal
2026-05-26 21:08:21 [SERVER] [WARNING] Skipping TileEntity with id tileEntityPedestal
2026-05-26 21:08:21 [SERVER] [WARNING] Skipping TileEntity with id tileEntityPedestal
2026-05-26 21:08:21 [SERVER] [WARNING] Skipping TileEntity with id tileEntityPedestal
2026-05-26 21:08:21 [SERVER] [WARNING] Skipping TileEntity with id tileEntityPedestal
2026-05-26 21:08:21 [SERVER] [WARNING] Skipping TileEntity with id tileEntityPedestal
2026-05-26 21:08:21 [SERVER] [WARNING] Skipping TileEntity with id tileEntityPedestal
2026-05-26 21:08:21 [SERVER] [WARNING] Skipping TileEntity with id tileEntityPedestal
2026-05-26 21:08:21 [SERVER] [WARNING] Skipping TileEntity with id tileEntityPedestal
2026-05-26 21:08:21 [SERVER] [WARNING] Skipping TileEntity with id tileEntityPedestal
2026-05-26 21:08:21 [SERVER] [WARNING] Skipping TileEntity with id tileEntityPedestal
2026-05-26 21:08:21 [SERVER] [WARNING] Skipping TileEntity with id tileEntityPedestal
2026-05-26 21:08:21 [SERVER] [WARNING] Skipping TileEntity with id tileEntityPedestal
2026-05-26 21:08:21 [SERVER] [WARNING] Skipping TileEntity with id tileEntityPedestal
2026-05-26 21:08:21 [SERVER] [WARNING] Skipping TileEntity with id tileEntityPedestal
2026-05-26 21:08:21 [SERVER] [WARNING] Skipping TileEntity with id tileEntityPedestal
2026-05-26 21:08:21 [SERVER] [WARNING] Skipping TileEntity with id tileEntityPedestal
2026-05-26 21:08:21 [SERVER] [WARNING] Skipping TileEntity with id tileEntityPedestal
2026-05-26 21:08:21 [SERVER] [WARNING] Skipping TileEntity with id tileEntityPedestal
2026-05-26 21:08:21 [SERVER] [WARNING] Skipping TileEntity with id tileEntityPedestal
2026-05-26 21:08:21 [SERVER] [WARNING] Skipping TileEntity with id tileEntityPedestal
2026-05-26 21:08:21 [SERVER] [WARNING] Skipping TileEntity with id tileEntityPedestal
2026-05-26 21:08:21 [SERVER] [WARNING] Skipping TileEntity with id tileEntityPedestal
2026-05-26 21:08:21 [SERVER] [WARNING] Skipping TileEntity with id tileEntityPedestal
2026-05-26 21:08:21 [SERVER] [WARNING] Skipping TileEntity with id tileEntityPedestal
2026-05-26 21:08:21 [SERVER] [WARNING] Skipping TileEntity with id tileEntityPedestal
2026-05-26 21:08:21 [SERVER] [WARNING] Skipping TileEntity with id tileEntityPedestal
2026-05-26 21:08:21 [SERVER] [WARNING] Skipping TileEntity with id tileEntityPedestal
2026-05-26 21:08:21 [SERVER] [WARNING] Skipping TileEntity with id tileEntityPedestal
2026-05-26 21:08:21 [SERVER] [WARNING] Skipping TileEntity with id tileEntityPedestal
2026-05-26 21:08:21 [SERVER] [WARNING] Skipping TileEntity with id tileEntityPedestal
2026-05-26 21:08:21 [SERVER] [WARNING] Skipping TileEntity with id tileEntityPedestal
2026-05-26 21:08:21 [SERVER] [WARNING] Skipping TileEntity with id tileEntityPedestal
2026-05-26 21:08:21 [SERVER] [WARNING] Skipping TileEntity with id tileEntityPedestal
2026-05-26 21:08:21 [SERVER] [WARNING] Skipping TileEntity with id tileEntityPedestal
2026-05-26 21:08:21 [SERVER] [WARNING] Skipping TileEntity with id tileEntityPedestal
2026-05-26 21:08:21 [SERVER] [WARNING] Skipping TileEntity with id tileEntityPedestal
2026-05-26 21:08:21 [SERVER] [WARNING] Skipping TileEntity with id tileEntityPedestal
2026-05-26 21:08:21 [SERVER] [WARNING] Skipping TileEntity with id tileEntityPedestal
2026-05-26 21:08:21 [SERVER] [WARNING] Skipping TileEntity with id tileEntityPedestal
2026-05-26 21:08:21 [SERVER] [WARNING] Skipping TileEntity with id tileEntityPedestal
2026-05-26 21:08:21 [SERVER] [WARNING] Skipping TileEntity with id tileEntityPedestal
2026-05-26 21:08:21 [SERVER] [WARNING] Skipping TileEntity with id tileEntityPedestal
2026-05-26 21:08:21 [SERVER] [WARNING] Skipping TileEntity with id tileEntityPedestal
2026-05-26 21:08:21 [SERVER] [WARNING] Skipping TileEntity with id tileEntityPedestal
2026-05-26 21:08:21 [SERVER] [WARNING] Skipping TileEntity with id tileEntityPedestal
2026-05-26 21:08:21 [SERVER] [WARNING] Skipping TileEntity with id tileEntityPedestal
2026-05-26 21:08:21 [SERVER] [WARNING] Skipping TileEntity with id tileEntityPedestal
2026-05-26 21:08:21 [SERVER] [WARNING] Skipping TileEntity with id tileEntityPedestal
2026-05-26 21:08:21 [SERVER] [WARNING] Skipping TileEntity with id tileEntityPedestal
2026-05-26 21:08:21 [SERVER] [WARNING] Skipping TileEntity with id tileEntityPedestal
2026-05-26 21:08:21 [SERVER] [WARNING] Skipping TileEntity with id tileEntityPedestal
2026-05-26 21:08:21 [SERVER] [WARNING] Skipping TileEntity with id tileEntityPedestal
2026-05-26 21:08:21 [SERVER] [WARNING] Skipping TileEntity with id tileEntityPedestal
2026-05-26 21:08:21 [SERVER] [WARNING] Skipping TileEntity with id tileEntityPedestal
2026-05-26 21:08:21 [SERVER] [WARNING] Skipping TileEntity with id tileEntityPedestal
2026-05-26 21:08:21 [SERVER] [WARNING] Skipping TileEntity with id tileEntityPedestal
2026-05-26 21:08:21 [SERVER] [WARNING] Skipping TileEntity with id tileEntityPedestal
2026-05-26 21:08:21 [SERVER] [WARNING] Skipping TileEntity with id tileEntityPedestal
2026-05-26 21:08:21 [SERVER] [WARNING] Skipping TileEntity with id tileEntityPedestal
2026-05-26 21:08:21 [SERVER] [WARNING] Skipping TileEntity with id tileEntityPedestal
2026-05-26 21:08:21 [SERVER] [WARNING] Skipping TileEntity with id tileEntityPedestal
2026-05-26 21:08:21 [SERVER] [WARNING] Skipping TileEntity with id tileEntityPedestal
2026-05-26 21:08:21 [SERVER] [WARNING] Skipping TileEntity with id tileEntityPedestal
2026-05-26 21:08:21 [SERVER] [WARNING] Skipping TileEntity with id tileEntityPedestal
2026-05-26 21:08:21 [SERVER] [WARNING] Skipping TileEntity with id tileEntityPedestal
2026-05-26 21:08:21 [SERVER] [WARNING] Skipping TileEntity with id tileEntityPedestal
2026-05-26 21:08:21 [SERVER] [WARNING] Skipping TileEntity with id tileEntityPedestal
2026-05-26 21:08:21 [SERVER] [WARNING] Skipping TileEntity with id tileEntityPedestal
2026-05-26 21:08:21 [SERVER] [WARNING] Skipping TileEntity with id tileEntityPedestal
2026-05-26 21:08:21 [SERVER] [WARNING] Skipping TileEntity with id tileEntityPedestal
2026-05-26 21:08:21 [SERVER] [WARNING] Skipping TileEntity with id tileEntityPedestal
2026-05-26 21:08:21 [SERVER] [WARNING] Skipping TileEntity with id tileEntityPedestal
2026-05-26 21:08:21 [SERVER] [WARNING] Skipping TileEntity with id tileEntityPedestal
2026-05-26 21:08:21 [SERVER] [WARNING] Skipping TileEntity with id tileEntityPedestal
2026-05-26 21:08:21 [SERVER] [WARNING] Skipping TileEntity with id tileEntityPedestal
2026-05-26 21:08:21 [SERVER] [WARNING] Skipping TileEntity with id tileEntityPedestal
2026-05-26 21:08:21 [SERVER] [WARNING] Skipping TileEntity with id tileEntityPedestal
2026-05-26 21:08:21 [SERVER] [WARNING] Skipping TileEntity with id tileEntityPedestal
2026-05-26 21:08:21 [SERVER] [WARNING] Skipping TileEntity with id tileEntityPedestal
2026-05-26 21:08:21 [SERVER] [WARNING] Skipping TileEntity with id tileEntityPedestal
2026-05-26 21:08:21 [SERVER] [WARNING] Skipping TileEntity with id tileEntityPedestal
2026-05-26 21:08:21 [SERVER] [WARNING] Skipping TileEntity with id tileEntityPedestal
2026-05-26 21:08:21 [SERVER] [WARNING] Skipping TileEntity with id tileEntityPedestal
2026-05-26 21:08:21 [SERVER] [WARNING] Skipping TileEntity with id tileEntityPedestal
2026-05-26 21:08:21 [SERVER] [WARNING] Skipping TileEntity with id tileEntityPedestal
2026-05-26 21:08:21 [SERVER] [WARNING] Skipping TileEntity with id tileEntityPedestal
2026-05-26 21:08:21 [SERVER] [WARNING] Skipping TileEntity with id tileEntityPedestal
2026-05-26 21:08:21 [SERVER] [WARNING] Skipping TileEntity with id tileEntityPedestal
2026-05-26 21:08:21 [SERVER] [WARNING] Skipping TileEntity with id tileEntityPedestal
2026-05-26 21:08:21 [SERVER] [WARNING] Skipping TileEntity with id tileEntityPedestal
2026-05-26 21:08:21 [SERVER] [WARNING] Skipping TileEntity with id tileEntityPedestal
2026-05-26 21:08:21 [SERVER] [WARNING] Skipping TileEntity with id tileEntityPedestal
2026-05-26 21:08:21 [SERVER] [WARNING] Skipping TileEntity with id tileEntityPedestal
2026-05-26 21:08:21 [SERVER] [WARNING] Skipping TileEntity with id tileEntityPedestal
2026-05-26 21:08:21 [SERVER] [WARNING] Skipping TileEntity with id tileEntityPedestal
2026-05-26 21:08:21 [SERVER] [WARNING] Skipping TileEntity with id tileEntityPedestal
2026-05-26 21:08:21 [SERVER] [WARNING] Skipping TileEntity with id tileEntityPedestal
2026-05-26 21:08:21 [SERVER] [WARNING] Skipping TileEntity with id tileEntityPedestal
2026-05-26 21:08:21 [SERVER] [WARNING] Skipping TileEntity with id tileEntityPedestal
2026-05-26 21:08:21 [SERVER] [WARNING] Skipping TileEntity with id tileEntityPedestal
2026-05-26 21:08:21 [SERVER] [WARNING] Skipping TileEntity with id tileEntityPedestal
2026-05-26 21:08:21 [SERVER] [WARNING] Skipping TileEntity with id tileEntityPedestal
2026-05-26 21:08:21 [SERVER] [WARNING] Skipping TileEntity with id tileEntityPedestal
2026-05-26 21:08:21 [SERVER] [WARNING] Skipping TileEntity with id tileEntityPedestal
2026-05-26 21:08:21 [SERVER] [WARNING] Skipping TileEntity with id tileEntityPedestal
2026-05-26 21:08:21 [SERVER] [WARNING] Skipping TileEntity with id tileEntityPedestal
2026-05-26 21:08:21 [SERVER] [WARNING] Skipping TileEntity with id tileEntityPedestal
2026-05-26 21:08:21 [SERVER] [WARNING] Skipping TileEntity with id tileEntityPedestal
2026-05-26 21:08:21 [SERVER] [WARNING] Skipping TileEntity with id tileEntityPedestal
2026-05-26 21:08:21 [SERVER] [WARNING] Skipping TileEntity with id tileEntityPedestal
2026-05-26 21:08:21 [SERVER] [WARNING] Skipping TileEntity with id tileEntityPedestal
2026-05-26 21:08:21 [SERVER] [WARNING] Skipping TileEntity with id tileEntityPedestal
2026-05-26 21:08:21 [SERVER] [WARNING] Skipping TileEntity with id tileEntityPedestal
2026-05-26 21:08:21 [SERVER] [WARNING] Skipping TileEntity with id tileEntityPedestal
2026-05-26 21:08:21 [SERVER] [WARNING] Skipping TileEntity with id tileEntityPedestal
2026-05-26 21:08:21 [SERVER] [WARNING] Skipping TileEntity with id tileEntityPedestal
2026-05-26 21:08:21 [SERVER] [WARNING] Skipping TileEntity with id tileEntityPedestal
2026-05-26 21:08:21 [SERVER] [WARNING] Skipping TileEntity with id tileEntityPedestal
2026-05-26 21:08:21 [SERVER] [WARNING] Skipping TileEntity with id tileEntityPedestal
2026-05-26 21:08:21 [SERVER] [WARNING] Skipping TileEntity with id tileEntityPedestal
2026-05-26 21:08:21 [SERVER] [WARNING] Skipping TileEntity with id tileEntityPedestal
2026-05-26 21:08:21 [SERVER] [WARNING] Skipping TileEntity with id tileEntityPedestal
2026-05-26 21:08:21 [SERVER] [WARNING] Skipping TileEntity with id tileEntityPedestal
2026-05-26 21:08:21 [SERVER] [WARNING] Skipping TileEntity with id tileEntityPedestal
2026-05-26 21:08:21 [SERVER] [WARNING] Skipping TileEntity with id tileEntityPedestal
2026-05-26 21:08:21 [SERVER] [WARNING] Skipping TileEntity with id tileEntityPedestal
2026-05-26 21:08:21 [SERVER] [WARNING] Skipping TileEntity with id tileEntityPedestal
2026-05-26 21:08:21 [SERVER] [WARNING] Skipping TileEntity with id tileEntityPedestal
2026-05-26 21:08:21 [SERVER] [WARNING] Skipping TileEntity with id tileEntityPedestal
2026-05-26 21:08:21 [SERVER] [WARNING] Skipping TileEntity with id tileEntityPedestal
2026-05-26 21:08:21 [SERVER] [WARNING] Skipping TileEntity with id tileEntityPedestal
2026-05-26 21:08:21 [SERVER] [WARNING] Skipping TileEntity with id tileEntityPedestal
2026-05-26 21:08:21 [SERVER] [WARNING] Skipping TileEntity with id tileEntityPedestal
2026-05-26 21:08:21 [SERVER] [WARNING] Skipping TileEntity with id tileEntityPedestal
2026-05-26 21:08:21 [SERVER] [WARNING] Skipping TileEntity with id tileEntityPedestal
2026-05-26 21:08:21 [SERVER] [WARNING] Skipping TileEntity with id tileEntityPedestal
2026-05-26 21:08:21 [SERVER] [WARNING] Skipping TileEntity with id tileEntityPedestal
2026-05-26 21:08:21 [SERVER] [WARNING] Skipping TileEntity with id tileEntityPedestal
2026-05-26 21:08:21 [SERVER] [WARNING] Skipping TileEntity with id tileEntityPedestal
2026-05-26 21:08:21 [SERVER] [WARNING] Skipping TileEntity with id tileEntityPedestal
2026-05-26 21:08:21 [SERVER] [WARNING] Skipping TileEntity with id tileEntityPedestal
2026-05-26 21:08:21 [SERVER] [WARNING] Skipping TileEntity with id tileEntityPedestal
2026-05-26 21:08:21 [SERVER] [WARNING] Skipping TileEntity with id tileEntityPedestal
2026-05-26 21:08:21 [SERVER] [WARNING] Skipping TileEntity with id tileEntityPedestal
2026-05-26 21:08:21 [SERVER] [WARNING] Skipping TileEntity with id tileEntityPedestal
2026-05-26 21:08:21 [SERVER] [WARNING] Skipping TileEntity with id tileEntityPedestal
2026-05-26 21:08:21 [SERVER] [WARNING] Skipping TileEntity with id tileEntityPedestal
2026-05-26 21:08:21 [SERVER] [WARNING] Skipping TileEntity with id tileEntityPedestal
2026-05-26 21:08:21 [SERVER] [WARNING] Skipping TileEntity with id tileEntityPedestal
2026-05-26 21:08:21 [SERVER] [WARNING] Skipping TileEntity with id tileEntityPedestal
2026-05-26 21:08:21 [SERVER] [WARNING] Skipping TileEntity with id tileEntityPedestal
2026-05-26 21:08:21 [SERVER] [WARNING] Skipping TileEntity with id tileEntityPedestal
2026-05-26 21:08:21 [SERVER] [WARNING] Skipping TileEntity with id tileEntityPedestal
2026-05-26 21:08:21 [SERVER] [WARNING] Skipping TileEntity with id tileEntityPedestal
2026-05-26 21:08:21 [SERVER] [WARNING] Skipping TileEntity with id tileEntityPedestal
2026-05-26 21:08:21 [SERVER] [WARNING] Skipping TileEntity with id tileEntityPedestal
2026-05-26 21:08:21 [SERVER] [WARNING] Skipping TileEntity with id tileEntityPedestal
2026-05-26 21:08:21 [SERVER] [WARNING] Skipping TileEntity with id tileEntityPedestal
2026-05-26 21:08:21 [SERVER] [WARNING] Skipping TileEntity with id tileEntityPedestal
2026-05-26 21:08:21 [SERVER] [WARNING] Skipping TileEntity with id tileEntityPedestal
2026-05-26 21:08:21 [SERVER] [WARNING] Skipping TileEntity with id tileEntityPedestal
2026-05-26 21:08:21 [SERVER] [WARNING] Skipping TileEntity with id tileEntityPedestal
2026-05-26 21:08:21 [SERVER] [WARNING] Skipping TileEntity with id tileEntityPedestal
2026-05-26 21:08:21 [SERVER] [WARNING] Skipping TileEntity with id tileEntityPedestal
2026-05-26 21:08:21 [SERVER] [WARNING] Skipping TileEntity with id tileEntityPedestal
2026-05-26 21:08:21 [SERVER] [WARNING] Skipping TileEntity with id tileEntityPedestal
2026-05-26 21:08:21 [SERVER] [WARNING] Skipping TileEntity with id tileEntityPedestal
2026-05-26 21:08:21 [SERVER] [WARNING] Skipping TileEntity with id tileEntityPedestal
2026-05-26 21:08:21 [SERVER] [WARNING] Skipping TileEntity with id tileEntityPedestal
2026-05-26 21:08:21 [SERVER] [WARNING] Skipping TileEntity with id tileEntityPedestal
2026-05-26 21:08:21 [SERVER] [WARNING] Skipping TileEntity with id tileEntityPedestal
2026-05-26 21:08:21 [SERVER] [WARNING] Skipping TileEntity with id tileEntityPedestal
2026-05-26 21:08:21 [SERVER] [WARNING] Skipping TileEntity with id tileEntityPedestal
2026-05-26 21:08:21 [SERVER] [WARNING] Skipping TileEntity with id tileEntityPedestal
2026-05-26 21:08:21 [SERVER] [WARNING] Skipping TileEntity with id tileEntityPedestal
2026-05-26 21:08:21 [SERVER] [WARNING] Skipping TileEntity with id tileEntityPedestal
2026-05-26 21:08:21 [SERVER] [WARNING] Skipping TileEntity with id tileEntityPedestal
2026-05-26 21:08:21 [SERVER] [WARNING] Skipping TileEntity with id tileEntityPedestal
2026-05-26 21:08:21 [SERVER] [WARNING] Skipping TileEntity with id tileEntityPedestal
2026-05-26 21:08:21 [SERVER] [WARNING] Skipping TileEntity with id tileEntityPedestal
2026-05-26 21:08:21 [SERVER] [WARNING] Skipping TileEntity with id tileEntityPedestal
2026-05-26 21:08:21 [SERVER] [WARNING] Skipping TileEntity with id tileEntityPedestal
2026-05-26 21:08:21 [SERVER] [WARNING] Skipping TileEntity with id tileEntityPedestal
2026-05-26 21:08:21 [SERVER] [WARNING] Skipping TileEntity with id tileEntityPedestal
2026-05-26 21:08:21 [SERVER] [WARNING] Skipping TileEntity with id tileEntityPedestal
2026-05-26 21:08:21 [SERVER] [WARNING] Skipping TileEntity with id tileEntityPedestal
2026-05-26 21:08:21 [SERVER] [WARNING] Skipping TileEntity with id tileEntityPedestal
2026-05-26 21:08:21 [SERVER] [WARNING] Skipping TileEntity with id tileEntityPedestal
2026-05-26 21:08:21 [SERVER] [WARNING] Skipping TileEntity with id tileEntityPedestal
2026-05-26 21:08:21 [SERVER] [WARNING] Skipping TileEntity with id tileEntityPedestal
2026-05-26 21:08:21 [SERVER] [WARNING] Skipping TileEntity with id tileEntityPedestal
2026-05-26 21:08:21 [SERVER] [WARNING] Skipping TileEntity with id tileEntityPedestal
2026-05-26 21:08:21 [SERVER] [WARNING] Skipping TileEntity with id tileEntityPedestal
2026-05-26 21:08:21 [SERVER] [WARNING] Skipping TileEntity with id tileEntityPedestal
2026-05-26 21:08:21 [SERVER] [WARNING] Skipping TileEntity with id tileEntityPedestal
2026-05-26 21:08:21 [SERVER] [WARNING] Skipping TileEntity with id tileEntityPedestal
2026-05-26 21:08:21 [SERVER] [WARNING] Skipping TileEntity with id tileEntityPedestal
2026-05-26 21:08:21 [SERVER] [WARNING] Skipping TileEntity with id tileEntityPedestal
2026-05-26 21:08:21 [SERVER] [WARNING] Skipping TileEntity with id tileEntityPedestal
2026-05-26 21:08:21 [SERVER] [WARNING] Skipping TileEntity with id tileEntityPedestal
2026-05-26 21:08:21 [SERVER] [WARNING] Skipping TileEntity with id tileEntityPedestal
2026-05-26 21:08:21 [SERVER] [WARNING] Skipping TileEntity with id tileEntityPedestal
2026-05-26 21:08:21 [SERVER] [WARNING] Skipping TileEntity with id tileEntityPedestal
2026-05-26 21:08:21 [SERVER] [WARNING] Skipping TileEntity with id tileEntityPedestal
2026-05-26 21:08:21 [SERVER] [WARNING] Skipping TileEntity with id tileEntityPedestal
2026-05-26 21:08:21 [SERVER] [WARNING] Skipping TileEntity with id tileEntityPedestal
2026-05-26 21:08:21 [SERVER] [WARNING] Skipping TileEntity with id tileEntityPedestal
2026-05-26 21:08:21 [SERVER] [WARNING] Skipping TileEntity with id tileEntityPedestal
2026-05-26 21:08:21 [SERVER] [WARNING] Skipping TileEntity with id tileEntityPedestal
2026-05-26 21:08:21 [SERVER] [WARNING] Skipping TileEntity with id tileEntityPedestal
2026-05-26 21:08:21 [SERVER] [WARNING] Skipping TileEntity with id tileEntityPedestal
2026-05-26 21:08:21 [SERVER] [WARNING] Skipping TileEntity with id tileEntityPedestal
2026-05-26 21:08:21 [SERVER] [WARNING] Skipping TileEntity with id tileEntityPedestal
2026-05-26 21:08:21 [SERVER] [WARNING] Skipping TileEntity with id tileEntityPedestal
2026-05-26 21:08:21 [SERVER] [WARNING] Skipping TileEntity with id tileEntityPedestal
2026-05-26 21:08:21 [SERVER] [WARNING] Skipping TileEntity with id tileEntityPedestal
2026-05-26 21:08:21 [SERVER] [WARNING] Skipping TileEntity with id tileEntityPedestal
2026-05-26 21:08:21 [SERVER] [WARNING] Skipping TileEntity with id tileEntityPedestal
2026-05-26 21:08:21 [SERVER] [WARNING] Skipping TileEntity with id tileEntityPedestal
2026-05-26 21:08:21 [SERVER] [WARNING] Skipping TileEntity with id tileEntityPedestal
2026-05-26 21:08:21 [SERVER] [WARNING] Skipping TileEntity with id tileEntityPedestal
2026-05-26 21:08:21 [SERVER] [WARNING] Skipping TileEntity with id tileEntityPedestal
2026-05-26 21:08:21 [SERVER] [WARNING] Skipping TileEntity with id tileEntityPedestal
2026-05-26 21:08:21 [SERVER] [WARNING] Skipping TileEntity with id tileEntityPedestal
2026-05-26 21:08:21 [SERVER] [WARNING] Skipping TileEntity with id tileEntityPedestal
2026-05-26 21:08:21 [SERVER] [WARNING] Skipping TileEntity with id tileEntityPedestal
2026-05-26 21:08:21 [SERVER] [WARNING] Skipping TileEntity with id tileEntityPedestal
2026-05-26 21:08:21 [SERVER] [WARNING] Skipping TileEntity with id tileEntityPedestal
2026-05-26 21:08:21 [SERVER] [WARNING] Skipping TileEntity with id tileEntityPedestal
2026-05-26 21:08:21 [SERVER] [WARNING] Skipping TileEntity with id tileEntityPedestal
2026-05-26 21:08:21 [SERVER] [WARNING] Skipping TileEntity with id tileEntityPedestal
2026-05-26 21:08:21 [SERVER] [WARNING] Skipping TileEntity with id tileEntityPedestal
2026-05-26 21:08:21 [SERVER] [WARNING] Skipping TileEntity with id tileEntityPedestal
2026-05-26 21:08:21 [SERVER] [WARNING] Skipping TileEntity with id tileEntityPedestal
2026-05-26 21:08:21 [SERVER] [WARNING] Skipping TileEntity with id tileEntityPedestal
2026-05-26 21:08:21 [SERVER] [WARNING] Skipping TileEntity with id tileEntityPedestal
2026-05-26 21:08:21 [SERVER] [WARNING] Skipping TileEntity with id tileEntityPedestal
2026-05-26 21:08:21 [SERVER] [WARNING] Skipping TileEntity with id tileEntityPedestal
2026-05-26 21:08:21 [SERVER] [WARNING] Skipping TileEntity with id tileEntityPedestal
2026-05-26 21:08:21 [SERVER] [WARNING] Skipping TileEntity with id tileEntityPedestal
2026-05-26 21:08:21 [SERVER] [WARNING] Skipping TileEntity with id tileEntityPedestal
2026-05-26 21:08:21 [SERVER] [WARNING] Skipping TileEntity with id tileEntityPedestal
2026-05-26 21:08:21 [SERVER] [WARNING] Skipping TileEntity with id tileEntityPedestal
2026-05-26 21:08:21 [SERVER] [WARNING] Skipping TileEntity with id tileEntityPedestal
2026-05-26 21:08:21 [SERVER] [WARNING] Skipping TileEntity with id tileEntityPedestal
2026-05-26 21:08:21 [SERVER] [WARNING] Skipping TileEntity with id tileEntityPedestal
2026-05-26 21:08:21 [SERVER] [WARNING] Skipping TileEntity with id tileEntityPedestal
2026-05-26 21:08:21 [SERVER] [WARNING] Skipping TileEntity with id tileEntityPedestal
2026-05-26 21:08:21 [SERVER] [WARNING] Skipping TileEntity with id tileEntityPedestal
2026-05-26 21:08:21 [SERVER] [WARNING] Skipping TileEntity with id tileEntityPedestal
2026-05-26 21:08:21 [SERVER] [WARNING] Skipping TileEntity with id tileEntityPedestal
2026-05-26 21:08:21 [SERVER] [WARNING] Skipping TileEntity with id tileEntityPedestal
2026-05-26 21:08:21 [SERVER] [WARNING] Skipping TileEntity with id tileEntityPedestal
2026-05-26 21:08:21 [SERVER] [WARNING] Skipping TileEntity with id tileEntityPedestal
2026-05-26 21:08:21 [SERVER] [WARNING] Skipping TileEntity with id tileEntityPedestal
2026-05-26 21:08:21 [SERVER] [WARNING] Skipping TileEntity with id tileEntityPedestal
2026-05-26 21:08:21 [SERVER] [WARNING] Skipping TileEntity with id tileEntityPedestal
2026-05-26 21:08:21 [SERVER] [WARNING] Skipping TileEntity with id tileEntityPedestal
2026-05-26 21:08:22 [SERVER] [INFO] ChouRaiden1337[/127.0.0.1:0] logged in with entity id 710 at (12.25171077995036, 63.0, -1786.3106135269666)
2026-05-26 21:08:32 [SERVER] [SEVERE] Encountered an unexpected exception NoClassDefFoundError
java.lang.NoClassDefFoundError: ic2/core/block/generator/container/ContainerSolarGenerator
	at java.lang.Class.getDeclaredConstructors0(Native Method)
	at java.lang.Class.privateGetDeclaredConstructors(Class.java:2671)
	at java.lang.Class.getConstructor0(Class.java:3075)
	at java.lang.Class.newInstance(Class.java:412)
	at net.minecraft.tileentity.TileEntity.func_70317_c(TileEntity.java:137)
	at net.minecraft.world.chunk.storage.AnvilChunkLoader.func_75823_a(AnvilChunkLoader.java:438)
	at net.minecraft.world.chunk.storage.AnvilChunkLoader.func_75822_a(AnvilChunkLoader.java:103)
	at net.minecraft.world.chunk.storage.AnvilChunkLoader.func_75815_a(AnvilChunkLoader.java:83)
	at net.minecraft.world.gen.ChunkProviderServer.func_73239_e(ChunkProviderServer.java:182)
	at net.minecraft.world.gen.ChunkProviderServer.func_73158_c(ChunkProviderServer.java:118)
	at net.minecraft.world.gen.ChunkProviderServer.func_73154_d(ChunkProviderServer.java:166)
	at net.minecraft.world.World.func_72964_e(World.java:528)
	at net.minecraft.world.World.func_72838_d(World.java:1574)
	at net.minecraft.server.management.ServerConfigurationManager.func_72377_c(ServerConfigurationManager.java:261)
	at net.minecraft.server.management.ServerConfigurationManager.func_72355_a(ServerConfigurationManager.java:130)
	at net.minecraft.server.integrated.IntegratedServerListenThread.func_71747_b(IntegratedServerListenThread.java:97)
	at net.minecraft.server.MinecraftServer.func_71190_q(MinecraftServer.java:677)
	at net.minecraft.server.MinecraftServer.func_71217_p(MinecraftServer.java:573)
	at net.minecraft.server.integrated.IntegratedServer.func_71217_p(IntegratedServer.java:171)
	at net.minecraft.server.MinecraftServer.run(MinecraftServer.java:470)
	at net.minecraft.server.ThreadMinecraftServer.run(SourceFile:573)
Caused by: java.lang.ClassNotFoundException: ic2.core.block.generator.container.ContainerSolarGenerator
	at cpw.mods.fml.relauncher.RelaunchClassLoader.findClass(RelaunchClassLoader.java:139)
	at java.lang.ClassLoader.loadClass(ClassLoader.java:424)
	at java.lang.ClassLoader.loadClass(ClassLoader.java:357)
	... 21 more
2026-05-26 21:08:32 [SERVER] [SEVERE] This crash report has been saved to: E:\Programas Sem Instalacao\Prism Launcher\instances\Modpack 1.5.2\.minecraft\crash-reports\crash-2026-05-26_21.08.32-server.txt
2026-05-26 21:08:32 [SERVER] [INFO] Stopping server
2026-05-26 21:08:32 [SERVER] [INFO] Saving players
2026-05-26 21:08:32 [SERVER] [INFO] Saving worlds
2026-05-26 21:08:32 [SERVER] [INFO] Saving chunks for level 'world'/Overworld
2026-05-26 21:08:32 [SERVER] [INFO] Saving chunks for level 'world'/Nether
2026-05-26 21:08:32 [SERVER] [INFO] Saving chunks for level 'world'/The End
2026-05-26 21:08:32 [SERVER] [INFO] Saving chunks for level 'world'/Twilight Forest
2026-05-26 21:08:32 [SERVER] [INFO] Saving chunks for level 'world'/Atum
