02:11:16: Creating resource group General
02:11:16: Creating resource group Internal
02:11:16: Creating resource group Autodetect
02:11:16: SceneManagerFactory for type 'DefaultSceneManager' registered.
02:11:16: Registering ResourceManager for type Material
02:11:16: Registering ResourceManager for type Mesh
02:11:16: Registering ResourceManager for type Skeleton
02:11:16: MovableObjectFactory for type 'ParticleSystem' registered.
02:11:16: OverlayElementFactory for type Panel registered.
02:11:16: OverlayElementFactory for type BorderPanel registered.
02:11:16: OverlayElementFactory for type TextArea registered.
02:11:16: Registering ResourceManager for type Font
02:11:16: ArchiveFactory for archive type FileSystem registered.
02:11:16: ArchiveFactory for archive type Zip registered.
02:11:16: FreeImage version: 3.10.0
02:11:16: This program uses FreeImage, a free, open source image library supporting all common bitmap formats. See http://freeimage.sourceforge.net for details
02:11:16: Supported formats: bmp,ico,jpg,jif,jpeg,jpe,jng,koa,iff,lbm,mng,pbm,pbm,pcd,pcx,pgm,pgm,png,ppm,ppm,ras,tga,targa,tif,tiff,wap,wbmp,wbm,psd,cut,xbm,xpm,gif,hdr,g3,sgi,exr,j2k,j2c,jp2
02:11:16: DDS codec registering
02:11:16: Registering ResourceManager for type HighLevelGpuProgram
02:11:16: Registering ResourceManager for type Compositor
02:11:16: MovableObjectFactory for type 'Entity' registered.
02:11:16: MovableObjectFactory for type 'Light' registered.
02:11:16: MovableObjectFactory for type 'BillboardSet' registered.
02:11:16: MovableObjectFactory for type 'ManualObject' registered.
02:11:16: MovableObjectFactory for type 'BillboardChain' registered.
02:11:16: MovableObjectFactory for type 'RibbonTrail' registered.
02:11:16: Loading library .\RenderSystem_Direct3D9
02:11:16: Installing plugin: D3D9 RenderSystem
02:11:16: D3D9 : Direct3D9 Rendering Subsystem created.
02:11:16: D3D9: Driver Detection Starts
02:11:16: D3D9: Driver Detection Ends
02:11:16: Plugin successfully installed
02:11:16: Loading library .\Plugin_ParticleFX
02:11:16: Installing plugin: ParticleFX
02:11:16: Particle Emitter Type 'Point' registered
02:11:16: Particle Emitter Type 'Box' registered
02:11:16: Particle Emitter Type 'Ellipsoid' registered
02:11:16: Particle Emitter Type 'Cylinder' registered
02:11:16: Particle Emitter Type 'Ring' registered
02:11:16: Particle Emitter Type 'HollowEllipsoid' registered
02:11:16: Particle Affector Type 'LinearForce' registered
02:11:16: Particle Affector Type 'ColourFader' registered
02:11:16: Particle Affector Type 'ColourFader2' registered
02:11:16: Particle Affector Type 'ColourImage' registered
02:11:16: Particle Affector Type 'ColourInterpolator' registered
02:11:16: Particle Affector Type 'Scaler' registered
02:11:16: Particle Affector Type 'Rotator' registered
02:11:16: Particle Affector Type 'DirectionRandomiser' registered
02:11:16: Particle Affector Type 'DeflectorPlane' registered
02:11:16: Plugin successfully installed
02:11:16: Loading library .\Plugin_CgProgramManager
02:11:16: Installing plugin: Cg Program Manager
02:11:16: Plugin successfully installed
02:11:16: Loading library .\Plugin_OctreeSceneManager
02:11:16: Installing plugin: Octree & Terrain Scene Manager
02:11:16: Plugin successfully installed
02:11:16: Loading library .\ParticleUniverse
02:11:16: Installing plugin: ParticleUniverse
02:11:16: MovableObjectFactory for type 'PUParticleSystem' registered.
02:11:16: MovableObjectFactory for type 'BoxSet' registered.
02:11:16: MovableObjectFactory for type 'SphereSet' registered.
02:11:16: ParticleUniverse: Particle Renderer Type 'Billboard' registered
02:11:16: ParticleUniverse: Particle Renderer Type 'Box' registered
02:11:16: ParticleUniverse: Particle Renderer Type 'Sphere' registered
02:11:16: ParticleUniverse: Particle Renderer Type 'Entity' registered
02:11:16: ParticleUniverse: Particle Renderer Type 'RibbonTrail' registered
02:11:16: ParticleUniverse: Particle Renderer Type 'Light' registered
02:11:16: ParticleUniverse: Particle Emitter Type 'Point' registered
02:11:16: ParticleUniverse: Particle Emitter Type 'Line' registered
02:11:16: ParticleUniverse: Particle Emitter Type 'Box' registered
02:11:16: ParticleUniverse: Particle Emitter Type 'Circle' registered
02:11:16: ParticleUniverse: Particle Emitter Type 'SphereSurface' registered
02:11:16: ParticleUniverse: Particle Emitter Type 'Vertex' registered
02:11:16: ParticleUniverse: Particle Emitter Type 'MeshSurface' registered
02:11:16: ParticleUniverse: Particle Emitter Type 'Position' registered
02:11:16: ParticleUniverse: Particle Emitter Type 'Slave' registered
02:11:16: ParticleUniverse: Particle Affector Type 'Dummy01' registered
02:11:16: ParticleUniverse: Particle Affector Type 'LinearForce' registered
02:11:16: ParticleUniverse: Particle Affector Type 'Gravity' registered
02:11:16: ParticleUniverse: Particle Affector Type 'ParticleFollower' registered
02:11:16: ParticleUniverse: Particle Affector Type 'Vortex' registered
02:11:16: ParticleUniverse: Particle Affector Type 'Randomiser' registered
02:11:16: ParticleUniverse: Particle Affector Type 'Line' registered
02:11:16: ParticleUniverse: Particle Affector Type 'Scale' registered
02:11:16: ParticleUniverse: Particle Affector Type 'GeometryRotator' registered
02:11:16: ParticleUniverse: Particle Affector Type 'TextureRotator' registered
02:11:16: ParticleUniverse: Particle Affector Type 'TextureAnimator' registered
02:11:16: ParticleUniverse: Particle Affector Type 'Jet' registered
02:11:16: ParticleUniverse: Particle Affector Type 'Align' registered
02:11:16: ParticleUniverse: Particle Affector Type 'FlockCentering' registered
02:11:16: ParticleUniverse: Particle Affector Type 'CollisionAvoidance' registered
02:11:16: ParticleUniverse: Particle Affector Type 'VelocityMatching' registered
02:11:16: ParticleUniverse: Particle Affector Type 'Colour' registered
02:11:16: ParticleUniverse: Particle Affector Type 'SineForce' registered
02:11:16: ParticleUniverse: Particle Affector Type 'Dummy02' registered
02:11:16: ParticleUniverse: Particle Affector Type 'SphereCollider' registered
02:11:16: ParticleUniverse: Particle Affector Type 'PlaneCollider' registered
02:11:16: ParticleUniverse: Particle Affector Type 'BoxCollider' registered
02:11:16: ParticleUniverse: Particle Affector Type 'InterParticleCollider' registered
02:11:16: ParticleUniverse: Particle Affector Type 'PathFollower' registered
02:11:16: ParticleUniverse: Particle Observer Type 'OnExpire' registered
02:11:16: ParticleUniverse: Particle Observer Type 'OnEmission' registered
02:11:16: ParticleUniverse: Particle Observer Type 'OnCount' registered
02:11:16: ParticleUniverse: Particle Observer Type 'OnEventFlag' registered
02:11:16: ParticleUniverse: Particle Observer Type 'OnCollision' registered
02:11:16: ParticleUniverse: Particle Observer Type 'OnVelocity' registered
02:11:16: ParticleUniverse: Particle Observer Type 'OnTime' registered
02:11:16: ParticleUniverse: Particle Observer Type 'OnPosition' registered
02:11:16: ParticleUniverse: Particle Observer Type 'OnClear' registered
02:11:16: ParticleUniverse: Particle Observer Type 'OnQuota' registered
02:11:16: ParticleUniverse: Particle Observer Type 'OnRandom' registered
02:11:16: ParticleUniverse: Particle EventHandler Type 'DoExpire' registered
02:11:16: ParticleUniverse: Particle EventHandler Type 'DoFreeze' registered
02:11:16: ParticleUniverse: Particle EventHandler Type 'DoPlacementParticle' registered
02:11:16: ParticleUniverse: Particle EventHandler Type 'DoStopSystem' registered
02:11:16: ParticleUniverse: Particle EventHandler Type 'DoEnableComponent' registered
02:11:16: ParticleUniverse: Particle EventHandler Type 'DoAffector' registered
02:11:16: ParticleUniverse: Particle EventHandler Type 'DoScale' registered
02:11:16: ParticleUniverse: Particle Extern Type 'Gravity' registered
02:11:16: ParticleUniverse: Particle Extern Type 'SphereCollider' registered
02:11:16: ParticleUniverse: Particle Extern Type 'BoxCollider' registered
02:11:16: ParticleUniverse: Particle Extern Type 'Vortex' registered
02:11:16: ParticleUniverse: Particle Behaviour Type 'Slave' registered
02:11:16: Plugin successfully installed
02:11:16: *-*-* OGRE Initialising
02:11:16: *-*-* Version 1.6.4 (Shoggoth)
02:11:16: Path for saving is ... C:/Users/ChouKpop/AppData/Roaming/Runic Games/Torchlight/SAVE
02:11:16: Setting YRatio Init - 1.40625
02:11:26: The effect file( media/effectslist.dat ) appears to no longer match up with the internal effect list.  Please revert this file.
02:12:08: CreateViewports AspectRatio message - 1920 x 1080
02:12:08: CreateViewports AspectRatio message AR - 1.77778
02:12:08: GAMEUI AspectRatio message - 1920 x 1080
02:12:08: GAMEUI AspectRatio message AR - 1.77778
02:28:28: Saving character to :C:/Users/ChouKpop/AppData/Roaming/Runic Games/Torchlight/save/save.tmp
